apiVersion: rbac.authorization.k8s.io/v1
kind: ClusterRole
metadata:
  labels:
    app.kubernetes.io/component: speaker
    app.kubernetes.io/instance: metallb
    app.kubernetes.io/managed-by: Helm
    app.kubernetes.io/name: metallb
    helm.sh/chart: metallb-2.6.12
  name: metallb-speaker
rules:
  - apiGroups:
      - ''
    resources:
      - services
      - endpoints
      - nodes
    verbs:
      - get
      - list
      - watch
  - apiGroups:
      - ''
    resources:
      - events
    verbs:
      - create
      - patch
  - apiGroups:
      - policy
    resourceNames:
      - metallb-speaker
    resources:
      - podsecuritypolicies
    verbs:
      - use
---
apiVersion: rbac.authorization.k8s.io/v1
kind: ClusterRoleBinding
metadata:
  labels:
    app.kubernetes.io/component: speaker
    app.kubernetes.io/instance: metallb
    app.kubernetes.io/managed-by: Helm
    app.kubernetes.io/name: metallb
    helm.sh/chart: metallb-2.6.12
  name: metallb-speaker
roleRef:
  apiGroup: rbac.authorization.k8s.io
  kind: ClusterRole
  name: metallb-speaker
subjects:
  - kind: ServiceAccount
    name: metallb-speaker
    namespace: syn-metallb
---
apiVersion: rbac.authorization.k8s.io/v1
kind: Role
metadata:
  labels:
    app.kubernetes.io/component: speaker
    app.kubernetes.io/instance: metallb
    app.kubernetes.io/managed-by: Helm
    app.kubernetes.io/name: metallb
    helm.sh/chart: metallb-2.6.12
  name: metallb-pod-lister
rules:
  - apiGroups:
      - ''
    resources:
      - pods
    verbs:
      - list
---
apiVersion: rbac.authorization.k8s.io/v1
kind: RoleBinding
metadata:
  labels:
    app.kubernetes.io/component: speaker
    app.kubernetes.io/instance: metallb
    app.kubernetes.io/managed-by: Helm
    app.kubernetes.io/name: metallb
    helm.sh/chart: metallb-2.6.12
  name: metallb-pod-lister
roleRef:
  apiGroup: rbac.authorization.k8s.io
  kind: Role
  name: metallb-pod-lister
subjects:
  - kind: ServiceAccount
    name: metallb-speaker
