apiVersion: v1
kind: ServiceAccount
metadata:
  labels:
    app.kubernetes.io/component: speaker
    app.kubernetes.io/instance: metallb
    app.kubernetes.io/managed-by: Helm
    app.kubernetes.io/name: metallb
    helm.sh/chart: metallb-2.6.12
  name: metallb-speaker
