apiVersion: v1
data:
  excludel2.yaml: |
    announcedInterfacesToExclude:
    - ^docker.*
    - ^cbr.*
    - ^dummy.*
    - ^virbr.*
    - ^lxcbr.*
    - ^veth.*
    - ^lo$
    - ^cali.*
    - ^tunl.*
    - ^flannel.*
    - ^kube-ipvs.*
    - ^cni.*
    - ^nodelocaldns.*
kind: ConfigMap
metadata:
  labels:
    app.kubernetes.io/instance: metallb
    app.kubernetes.io/managed-by: Helm
    app.kubernetes.io/name: metallb
    app.kubernetes.io/version: v0.15.2
    helm.sh/chart: metallb-0.15.2
  name: metallb-excludel2
  namespace: syn-metallb
