apiVersion: rbac.authorization.k8s.io/v1
kind: ClusterRole
metadata:
  labels:
    app.kubernetes.io/instance: metallb
    app.kubernetes.io/managed-by: Helm
    app.kubernetes.io/name: metallb
    app.kubernetes.io/version: v0.13.9
    helm.sh/chart: metallb-0.13.9
  name: metallb:controller
rules:
  - apiGroups:
      - ''
    resources:
      - services
      - namespaces
    verbs:
      - get
      - list
      - watch
  - apiGroups:
      - ''
    resources:
      - services/status
    verbs:
      - update
  - apiGroups:
      - ''
    resources:
      - events
    verbs:
      - create
      - patch
  - apiGroups:
      - admissionregistration.k8s.io
    resourceNames:
      - metallb-webhook-configuration
    resources:
      - validatingwebhookconfigurations
      - mutatingwebhookconfigurations
    verbs:
      - create
      - delete
      - get
      - list
      - patch
      - update
      - watch
  - apiGroups:
      - admissionregistration.k8s.io
    resources:
      - validatingwebhookconfigurations
      - mutatingwebhookconfigurations
    verbs:
      - list
      - watch
  - apiGroups:
      - apiextensions.k8s.io
    resourceNames:
      - addresspools.metallb.io
      - bfdprofiles.metallb.io
      - bgpadvertisements.metallb.io
      - bgppeers.metallb.io
      - ipaddresspools.metallb.io
      - l2advertisements.metallb.io
      - communities.metallb.io
    resources:
      - customresourcedefinitions
    verbs:
      - create
      - delete
      - get
      - list
      - patch
      - update
      - watch
  - apiGroups:
      - apiextensions.k8s.io
    resources:
      - customresourcedefinitions
    verbs:
      - list
      - watch
  - apiGroups:
      - authentication.k8s.io
    resources:
      - tokenreviews
    verbs:
      - create
  - apiGroups:
      - authorization.k8s.io
    resources:
      - subjectaccessreviews
    verbs:
      - create
---
apiVersion: rbac.authorization.k8s.io/v1
kind: ClusterRole
metadata:
  labels:
    app.kubernetes.io/instance: metallb
    app.kubernetes.io/managed-by: Helm
    app.kubernetes.io/name: metallb
    app.kubernetes.io/version: v0.13.9
    helm.sh/chart: metallb-0.13.9
  name: metallb:speaker
rules:
  - apiGroups:
      - ''
    resources:
      - services
      - endpoints
      - nodes
      - namespaces
    verbs:
      - get
      - list
      - watch
  - apiGroups:
      - discovery.k8s.io
    resources:
      - endpointslices
    verbs:
      - get
      - list
      - watch
  - apiGroups:
      - ''
    resources:
      - events
    verbs:
      - create
      - patch
  - apiGroups:
      - authentication.k8s.io
    resources:
      - tokenreviews
    verbs:
      - create
  - apiGroups:
      - authorization.k8s.io
    resources:
      - subjectaccessreviews
    verbs:
      - create
---
apiVersion: rbac.authorization.k8s.io/v1
kind: ClusterRoleBinding
metadata:
  labels:
    app.kubernetes.io/instance: metallb
    app.kubernetes.io/managed-by: Helm
    app.kubernetes.io/name: metallb
    app.kubernetes.io/version: v0.13.9
    helm.sh/chart: metallb-0.13.9
  name: metallb:controller
roleRef:
  apiGroup: rbac.authorization.k8s.io
  kind: ClusterRole
  name: metallb:controller
subjects:
  - kind: ServiceAccount
    name: metallb-controller
    namespace: syn-metallb
---
apiVersion: rbac.authorization.k8s.io/v1
kind: ClusterRoleBinding
metadata:
  labels:
    app.kubernetes.io/instance: metallb
    app.kubernetes.io/managed-by: Helm
    app.kubernetes.io/name: metallb
    app.kubernetes.io/version: v0.13.9
    helm.sh/chart: metallb-0.13.9
  name: metallb:speaker
roleRef:
  apiGroup: rbac.authorization.k8s.io
  kind: ClusterRole
  name: metallb:speaker
subjects:
  - kind: ServiceAccount
    name: metallb-speaker
    namespace: syn-metallb
---
apiVersion: rbac.authorization.k8s.io/v1
kind: Role
metadata:
  labels:
    app.kubernetes.io/instance: metallb
    app.kubernetes.io/managed-by: Helm
    app.kubernetes.io/name: metallb
    app.kubernetes.io/version: v0.13.9
    helm.sh/chart: metallb-0.13.9
  name: metallb-pod-lister
rules:
  - apiGroups:
      - ''
    resources:
      - pods
    verbs:
      - list
  - apiGroups:
      - ''
    resources:
      - secrets
    verbs:
      - get
      - list
      - watch
  - apiGroups:
      - metallb.io
    resources:
      - addresspools
    verbs:
      - get
      - list
      - watch
  - apiGroups:
      - metallb.io
    resources:
      - bfdprofiles
    verbs:
      - get
      - list
      - watch
  - apiGroups:
      - metallb.io
    resources:
      - bgppeers
    verbs:
      - get
      - list
      - watch
  - apiGroups:
      - metallb.io
    resources:
      - l2advertisements
    verbs:
      - get
      - list
      - watch
  - apiGroups:
      - metallb.io
    resources:
      - bgpadvertisements
    verbs:
      - get
      - list
      - watch
  - apiGroups:
      - metallb.io
    resources:
      - ipaddresspools
    verbs:
      - get
      - list
      - watch
  - apiGroups:
      - metallb.io
    resources:
      - communities
    verbs:
      - get
      - list
      - watch
---
apiVersion: rbac.authorization.k8s.io/v1
kind: Role
metadata:
  labels:
    app.kubernetes.io/instance: metallb
    app.kubernetes.io/managed-by: Helm
    app.kubernetes.io/name: metallb
    app.kubernetes.io/version: v0.13.9
    helm.sh/chart: metallb-0.13.9
  name: metallb-controller
rules:
  - apiGroups:
      - ''
    resources:
      - secrets
    verbs:
      - create
      - get
      - list
      - watch
  - apiGroups:
      - ''
    resourceNames:
      - metallb-memberlist
    resources:
      - secrets
    verbs:
      - list
  - apiGroups:
      - apps
    resourceNames:
      - metallb-controller
    resources:
      - deployments
    verbs:
      - get
  - apiGroups:
      - ''
    resources:
      - secrets
    verbs:
      - create
      - delete
      - get
      - list
      - patch
      - update
      - watch
  - apiGroups:
      - metallb.io
    resources:
      - addresspools
    verbs:
      - get
      - list
      - watch
  - apiGroups:
      - metallb.io
    resources:
      - ipaddresspools
    verbs:
      - get
      - list
      - watch
  - apiGroups:
      - metallb.io
    resources:
      - bgppeers
    verbs:
      - get
      - list
  - apiGroups:
      - metallb.io
    resources:
      - bgpadvertisements
    verbs:
      - get
      - list
  - apiGroups:
      - metallb.io
    resources:
      - l2advertisements
    verbs:
      - get
      - list
  - apiGroups:
      - metallb.io
    resources:
      - communities
    verbs:
      - get
      - list
      - watch
  - apiGroups:
      - metallb.io
    resources:
      - bfdprofiles
    verbs:
      - get
      - list
      - watch
---
apiVersion: rbac.authorization.k8s.io/v1
kind: RoleBinding
metadata:
  labels:
    app.kubernetes.io/instance: metallb
    app.kubernetes.io/managed-by: Helm
    app.kubernetes.io/name: metallb
    app.kubernetes.io/version: v0.13.9
    helm.sh/chart: metallb-0.13.9
  name: metallb-pod-lister
roleRef:
  apiGroup: rbac.authorization.k8s.io
  kind: Role
  name: metallb-pod-lister
subjects:
  - kind: ServiceAccount
    name: metallb-speaker
---
apiVersion: rbac.authorization.k8s.io/v1
kind: RoleBinding
metadata:
  labels:
    app.kubernetes.io/instance: metallb
    app.kubernetes.io/managed-by: Helm
    app.kubernetes.io/name: metallb
    app.kubernetes.io/version: v0.13.9
    helm.sh/chart: metallb-0.13.9
  name: metallb-controller
roleRef:
  apiGroup: rbac.authorization.k8s.io
  kind: Role
  name: metallb-controller
subjects:
  - kind: ServiceAccount
    name: metallb-controller
