apiVersion: v1
kind: Namespace
metadata:
  annotations: {}
  labels:
    app: metallb
    app.kubernetes.io/instance: metallb
    app.kubernetes.io/name: metallb
    name: syn-metallb
  name: syn-metallb
