apiVersion: v1
data: {}
kind: Secret
metadata:
  annotations: {}
  labels:
    name: metallb-memberlist
  name: metallb-memberlist
  namespace: syn-metallb
stringData:
  secretkey: t-silent-test-1234/c-green-test-1234/metallb-memberlist/secretkey
type: Opaque
