apiVersion: v1
kind: ServiceAccount
metadata:
  labels:
    app.kubernetes.io/component: controller
    app.kubernetes.io/instance: metallb
    app.kubernetes.io/managed-by: Helm
    app.kubernetes.io/name: metallb
    app.kubernetes.io/version: v0.15.2
    helm.sh/chart: metallb-0.15.2
  name: metallb-controller
  namespace: syn-metallb
---
apiVersion: v1
kind: ServiceAccount
metadata:
  labels:
    app.kubernetes.io/component: speaker
    app.kubernetes.io/instance: metallb
    app.kubernetes.io/managed-by: Helm
    app.kubernetes.io/name: metallb
    app.kubernetes.io/version: v0.15.2
    helm.sh/chart: metallb-0.15.2
  name: metallb-speaker
  namespace: syn-metallb
