spec:
  ignoreDifferences:
    - group: apiextensions.k8s.io
      jsonPointers:
        - /spec/conversion/webhook/clientConfig/caBundle
      kind: CustomResourceDefinition
