apiVersion: metallb.io/v1beta1
kind: IPAddressPool
metadata:
  annotations: {}
  labels:
    name: default
  name: default
  namespace: syn-metallb
spec:
  addresses:
    - 198.51.100.32/26
---
apiVersion: metallb.io/v1beta1
kind: L2Advertisement
metadata:
  annotations: {}
  labels:
    name: default
  name: default
  namespace: syn-metallb
spec:
  ipAddressPools:
    - default
