apiVersion: v1
data:
  config: "\"address-pools\":\n- \"addresses\":\n  - \"198.51.100.32/26\"\n  \"name\"\
    : \"default\"\n  \"protocol\": \"layer2\""
kind: ConfigMap
metadata:
  annotations: {}
  labels:
    name: metallb
  name: metallb
  namespace: syn-metallb
